18.999
-60.396
156.641
-173.739
-12.734
48.577
-111.154
198.813
-74.010
-99.055
