9.000
-30.000
78.000
-86.000
-6.000
24.000
-55.000
99.000
-37.000
-49.000
