4.750
-15.099
39.160
-43.435
-3.184
12.144
-27.788
49.703
-18.503
-24.764
