tmp_files/mnt:
dir1
dir2
dir3

tmp_files/mnt/dir1:
tmp1.txt
tmp2.txt
tmp3.txt

tmp_files/mnt/dir2:
a.txt
b.txt
tmp1.txt
tmp2.txt

tmp_files/mnt/dir3:
c.txt
d
e.txt
