Factorization of number -549307486781579
Factorization has correct type
Prime!

Factorization of number -42093170566074323
Factorization has correct type
Prime!

Factorization of number -96961169801159971
Factorization has correct type
Prime!

Factorization of number -123456789123456789
Factorization has correct type
[3, 3, 7, 11, 13, 19, 3607, 3803, 52579]

Factorization of number -2075707605110650
Factorization has correct type
[2, 5, 5, 7, 17, 53, 127, 167, 503, 617]
