;;;;
"fgh";;;"abc";
;;;;"fgh"
;"abc";;;
;;"fgh";;
