1;2;"A1+B1";"A1+C1";"a1+d1";"a1+e1"
"A1 C1 A1+B1";"abra A1 cadabra a1+e1";"A1+C1D1A1+C1";;;
