"a";;;"aabcd";;;;;;"aabcd";;;;;;;;;;"aabcd";;;;;;
;;;;;;;;;;;;;;;;"aabcd";;;;;"aabcd";;;;
;;;;"aabcde";;"a";;;;;;"ab";;;;;;;;;;;;;
;;"a";;;;;;;;;;;;;;;;;;;;;;"aabcd";
;;;;;;;;;;;;;;"aab";;;;;;;;;;;
;"aabcd";;;;;;;"ab";;"aabcd";;;;;;;;;;"aabcd";;;;;
;;;;"ab";;;;;;;;;;;;;;;;"aabcd";;;;;
;;;;;;;;;;;;;;;;;"aabcd";"aabcd";"aabcd";"aabcd";"aabcd";;;;
"aabcdef";;;;;;"aabcd";;;;;;;;;;;;;;;;;;;"aabc"
