7;[1, 2, 5];"abc"
"[1, 2, 5]abc";"7abc";[7, 1, 2, 5]
[1, 2, 5, 1, 2, 5, 1, 2, 5, 1, 2, 5, 1, 2, 5, 1, 2, 5, 1, 2, 5];"abcabcabcabcabcabcabc";[1, 2, 5, 7]
;;10
"[1, 2, 5]abc7abcabcabcabcabcabcabcabc";[1, 2, 5, 1, 2, 5, 1, 2, 5, 1, 2, 5, 1, 2, 5, 1, 2, 5, 1, 2, 5, 7, 1, 2, 5, 1, 2, 5, 7];
