tmp_files/mnt:
A
B
C
x.txt

tmp_files/mnt/A:
dir1
dir2
y.txt

tmp_files/mnt/A/dir1:
tmp1.txt
tmp2.txt

tmp_files/mnt/A/dir2:
a.txt
tmp1.txt

tmp_files/mnt/B:
dir1
dir3

tmp_files/mnt/B/dir1:
tmp1.txt
tmp3.txt

tmp_files/mnt/B/dir3:
c.txt
d
e.txt

tmp_files/mnt/C:
dir1
dir2

tmp_files/mnt/C/dir1:
tmp1.txt
tmp3.txt

tmp_files/mnt/C/dir2:
b.txt
tmp2.txt
