===== Test 4 =====
Example1
===== Test 5 =====
Example2
===== Test 6 =====
Example3
===== Test 7 =====
Example4
