===== Test 1 =====
Simple Class constructor called
===== Test 2 =====
Special Class constructor called
Special Class Print with value 42
Special Class destructor called
===== Test 3 =====
ClassInPackage() : 10
GetValue() : 10
10
SetValue() : 50
GetValue() : 50
50
~ClassInPackage() : 50
